REFINEMENT Controle_r
REFINES Controle

SEES TiposComuns
    
VARIABLES
    status_r, // relação que mapeia de VAGAS para STATUS_VAGA
    cor_r,    // relação que mapeia de VAGAS para CORES
    tipo_r

INVARIANT
    vagas_r  <: 1..MAX_INT &
    status_r : vagasR1 >->
    
INITIALISATION
    vagasR1  := {}
    statusR1
    corR1
    tipoR1
    
END